// Jest Snapshot v1, https://goo.gl/fbAQLP

exports[`arrows ArrowBody renders correctly against snapshot 1`] = `
<ArrowBody
  height={3}
>
  <span
    css={
      Object {
        "map": undefined,
        "name": "124u1kn",
        "next": undefined,
        "styles": "
    background-color: #D3DAE6;
    height: 3px;
    width: 25px;
  ",
        "toString": [Function],
      }
    }
  />
</ArrowBody>
`;
